{"action": "sensor_heartbeat", "baseline_files": 2, "component": "hids-hips", "event": "sensor_started", "health_url": "http://fastapi-app:8000/api/health", "severity": "info", "target_id": "hids-hips", "target_type": "sensor", "timestamp": "2026-07-24T00:44:40.170009+00:00", "watch_dir": "/watch/fastapi-app"}
{"action": "hids_ingest_failed", "component": "hids-hips", "error": "<urlopen error [Errno 111] Connection refused>", "severity": "warning", "timestamp": "2026-07-24T00:44:40.449038+00:00"}
{"action": "hids_health_unreachable", "component": "hids-hips", "error": "<urlopen error [Errno 111] Connection refused>", "severity": "warning", "target_id": "http://fastapi-app:8000/api/health", "target_type": "application-health", "timestamp": "2026-07-24T00:44:40.476201+00:00"}
{"action": "hids_ingest_failed", "component": "hids-hips", "error": "<urlopen error [Errno 111] Connection refused>", "severity": "warning", "timestamp": "2026-07-24T00:44:40.504104+00:00"}
{"action": "hids_health_unreachable", "component": "hids-hips", "error": "<urlopen error [Errno 111] Connection refused>", "severity": "warning", "target_id": "http://fastapi-app:8000/api/health", "target_type": "application-health", "timestamp": "2026-07-24T00:44:50.535743+00:00"}
{"action": "hids_ingest_failed", "component": "hids-hips", "error": "<urlopen error [Errno 111] Connection refused>", "severity": "warning", "timestamp": "2026-07-24T00:44:50.553242+00:00"}
{"action": "hids_health_unreachable", "component": "hids-hips", "error": "<urlopen error [Errno -3] Try again>", "severity": "warning", "target_id": "http://fastapi-app:8000/api/health", "target_type": "application-health", "timestamp": "2026-07-24T00:45:05.577406+00:00"}
{"action": "hids_ingest_failed", "component": "hids-hips", "error": "<urlopen error [Errno 111] Connection refused>", "severity": "warning", "timestamp": "2026-07-24T00:45:05.580080+00:00"}
{"action": "sensor_heartbeat", "baseline_files": 2, "component": "hids-hips", "event": "sensor_started", "health_url": "http://fastapi-app:8000/api/health", "severity": "info", "target_id": "hids-hips", "target_type": "sensor", "timestamp": "2026-07-24T00:57:28.572144+00:00", "watch_dir": "/watch/fastapi-app"}
{"action": "hids_ingest_failed", "component": "hids-hips", "error": "<urlopen error [Errno 111] Connection refused>", "severity": "warning", "timestamp": "2026-07-24T00:57:28.645462+00:00"}
{"action": "hids_health_unreachable", "component": "hids-hips", "error": "<urlopen error [Errno 111] Connection refused>", "severity": "warning", "target_id": "http://fastapi-app:8000/api/health", "target_type": "application-health", "timestamp": "2026-07-24T00:57:28.670861+00:00"}
{"action": "hids_ingest_failed", "component": "hids-hips", "error": "<urlopen error [Errno 111] Connection refused>", "severity": "warning", "timestamp": "2026-07-24T00:57:28.698227+00:00"}
{"action": "sensor_heartbeat", "baseline_files": 2, "component": "hids-hips", "event": "sensor_started", "health_url": "http://fastapi-app:8000/api/health", "severity": "info", "target_id": "hids-hips", "target_type": "sensor", "timestamp": "2026-07-24T01:04:52.419161+00:00", "watch_dir": "/watch/fastapi-app"}
{"action": "hids_ingest_failed", "component": "hids-hips", "error": "<urlopen error [Errno 111] Connection refused>", "severity": "warning", "timestamp": "2026-07-24T01:04:52.574914+00:00"}
{"action": "hids_health_unreachable", "component": "hids-hips", "error": "<urlopen error [Errno 111] Connection refused>", "severity": "warning", "target_id": "http://fastapi-app:8000/api/health", "target_type": "application-health", "timestamp": "2026-07-24T01:04:52.604484+00:00"}
{"action": "hids_ingest_failed", "component": "hids-hips", "error": "<urlopen error [Errno 111] Connection refused>", "severity": "warning", "timestamp": "2026-07-24T01:04:52.623503+00:00"}
{"action": "hids_health_unreachable", "component": "hids-hips", "error": "<urlopen error [Errno 111] Connection refused>", "severity": "warning", "target_id": "http://fastapi-app:8000/api/health", "target_type": "application-health", "timestamp": "2026-07-24T01:56:30.451497+00:00"}
{"action": "hids_ingest_failed", "component": "hids-hips", "error": "<urlopen error [Errno 111] Connection refused>", "severity": "warning", "timestamp": "2026-07-24T01:56:30.465836+00:00"}
{"action": "hids_health_unreachable", "component": "hids-hips", "error": "<urlopen error [Errno 111] Connection refused>", "severity": "warning", "target_id": "http://fastapi-app:8000/api/health", "target_type": "application-health", "timestamp": "2026-07-24T01:56:40.506164+00:00"}
{"action": "hids_ingest_failed", "component": "hids-hips", "error": "<urlopen error [Errno 111] Connection refused>", "severity": "warning", "timestamp": "2026-07-24T01:56:40.518306+00:00"}
{"action": "hids_health_unreachable", "component": "hids-hips", "error": "<urlopen error [Errno -3] Try again>", "severity": "warning", "target_id": "http://fastapi-app:8000/api/health", "target_type": "application-health", "timestamp": "2026-07-24T02:27:44.166523+00:00"}
{"action": "hids_ingest_failed", "component": "hids-hips", "error": "<urlopen error [Errno 111] Connection refused>", "severity": "warning", "timestamp": "2026-07-24T02:27:46.695348+00:00"}
{"action": "hids_file_modified", "component": "hids-hips", "current_sha256": "e8c00d144e7e50ed4e46d6b2ad413458b155660b8a2cbcb58dc6bd5992f11a9e", "file": "__pycache__/main.cpython-314.pyc", "previous_sha256": "639806d1446c777e74253b36715d914b21f78c68f7646d0f120ede94f1a7607e", "severity": "critical", "target_id": "__pycache__/main.cpython-314.pyc", "target_type": "host-file", "timestamp": "2026-07-24T02:41:00.308134+00:00"}
{"action": "hids_file_modified", "component": "hids-hips", "current_sha256": "639806d1446c777e74253b36715d914b21f78c68f7646d0f120ede94f1a7607e", "file": "__pycache__/main.cpython-314.pyc", "previous_sha256": "e8c00d144e7e50ed4e46d6b2ad413458b155660b8a2cbcb58dc6bd5992f11a9e", "severity": "critical", "target_id": "__pycache__/main.cpython-314.pyc", "target_type": "host-file", "timestamp": "2026-07-24T02:45:01.188225+00:00"}
{"action": "hids_file_modified", "component": "hids-hips", "current_sha256": "e8c00d144e7e50ed4e46d6b2ad413458b155660b8a2cbcb58dc6bd5992f11a9e", "file": "__pycache__/main.cpython-314.pyc", "previous_sha256": "639806d1446c777e74253b36715d914b21f78c68f7646d0f120ede94f1a7607e", "severity": "critical", "target_id": "__pycache__/main.cpython-314.pyc", "target_type": "host-file", "timestamp": "2026-07-24T02:45:31.329347+00:00"}
{"action": "hids_file_modified", "component": "hids-hips", "current_sha256": "639806d1446c777e74253b36715d914b21f78c68f7646d0f120ede94f1a7607e", "file": "__pycache__/main.cpython-314.pyc", "previous_sha256": "e8c00d144e7e50ed4e46d6b2ad413458b155660b8a2cbcb58dc6bd5992f11a9e", "severity": "critical", "target_id": "__pycache__/main.cpython-314.pyc", "target_type": "host-file", "timestamp": "2026-07-24T02:45:41.355231+00:00"}
